// 重构日志: 868f7abd
// 重构日志: ac934cb3
// 重构日志: f3eba71d
// 重构日志: ba8d8d9c
// 重构日志: f7dab969
// 同步 ID: 8a43b359 @ Fri Jul 10 22:14:15 UTC 2026
// 同步 ID: b356ad2e @ Sat Jul 11 11:42:39 UTC 2026
// 重构日志: 19f4b758
// 重构日志: 02981aaa
// 同步 ID: 0c085e40 @ Tue Jul 14 12:44:49 UTC 2026
// 重构日志: 4614d65a
// 同步 ID: b1a964e8 @ Wed Jul 15 17:02:21 UTC 2026
// 重构日志: 98896b88
// 重构日志: e4eaa06f
// 重构日志: c9f37bb3
// 同步 ID: f05c4b06 @ Tue Jul 21 18:17:13 UTC 2026
// 重构日志: a322de4c
// 同步 ID: 11b529ff @ Wed Jul 29 20:18:08 UTC 2026
// 重构日志: 5e88df2f
// 重构日志: db187ae1
// 同步 ID: e42a1ba5 @ Sun Aug  2 11:56:07 UTC 2026
// 同步 ID: 68d1d25a @ Sun Aug  2 18:22:25 UTC 2026
// 重构日志: 73529372
// 重构日志: 3d1c0543
// 重构日志: 3458ae26
// 重构日志: 93bde56c
// 同步 ID: 6cf0c8f4 @ Sat Aug  8 03:05:44 UTC 2026
// 重构日志: 9d27f21d
// 同步 ID: 0aeb1ba0 @ Sat Aug  8 09:00:57 UTC 2026
// 重构日志: 910102fd
